110.53.162.165 - - [21/Mar/2019:16:25:22 -0400] "GET /CastServer/show/index.do?currentPage=1&showCount=10 HTTP/1.1" 200 20559
110.53.162.165 - - [21/Mar/2019:16:25:39 -0400] "GET /CastServer/show/listtorrent.do? HTTP/1.1" 200 20047
110.53.162.165 - - [21/Mar/2019:16:25:39 -0400] "GET /CastServer/static/ace/css/bootstrap.css HTTP/1.1" 304 -
110.53.162.165 - - [21/Mar/2019:16:25:39 -0400] "GET /CastServer/static/ace/css/font-awesome.css HTTP/1.1" 304 -
110.53.162.165 - - [21/Mar/2019:16:25:39 -0400] "GET /CastServer/static/ace/css/ace-fonts.css HTTP/1.1" 304 -
110.53.162.165 - - [21/Mar/2019:16:25:39 -0400] "GET /CastServer/static/ace/css/ace.css HTTP/1.1" 304 -
110.53.162.165 - - [21/Mar/2019:16:25:39 -0400] "GET /CastServer/static/layuiadmin/layui/css/layui.css HTTP/1.1" 304 -
110.53.162.165 - - [21/Mar/2019:16:25:39 -0400] "GET /CastServer/static/layuiadmin/style/admin.css HTTP/1.1" 304 -
110.53.162.165 - - [21/Mar/2019:16:25:39 -0400] "GET /CastServer/static/ace/js/ace-extra.js HTTP/1.1" 304 -
110.53.162.165 - - [21/Mar/2019:16:25:39 -0400] "GET /CastServer/static/js/jquery.min.js HTTP/1.1" 304 -
110.53.162.165 - - [21/Mar/2019:16:25:39 -0400] "GET /CastServer/static/ace/js/bootstrap.js HTTP/1.1" 304 -
110.53.162.165 - - [21/Mar/2019:16:25:39 -0400] "GET /CastServer/static/layuiadmin/layui/layui.js?t=1 HTTP/1.1" 304 -
110.53.162.165 - - [21/Mar/2019:16:25:40 -0400] "GET /CastServer/static/layuiadmin/lib/index.js HTTP/1.1" 304 -
110.53.162.165 - - [21/Mar/2019:16:25:40 -0400] "GET /CastServer/static/layuiadmin/layui/lay/modules/form.js HTTP/1.1" 304 -
110.53.162.165 - - [21/Mar/2019:16:25:40 -0400] "GET /CastServer/static/layuiadmin/layui/font/iconfont.woff?v=230 HTTP/1.1" 304 -
110.53.162.165 - - [21/Mar/2019:16:25:40 -0400] "GET /CastServer/static/layuiadmin/config.js HTTP/1.1" 304 -
110.53.162.165 - - [21/Mar/2019:16:25:40 -0400] "GET /CastServer/static/layuiadmin/layui/lay/modules/layer.js HTTP/1.1" 304 -
110.53.162.165 - - [21/Mar/2019:16:25:40 -0400] "GET /CastServer/static/layuiadmin/layui/lay/modules/laytpl.js HTTP/1.1" 304 -
110.53.162.165 - - [21/Mar/2019:16:25:40 -0400] "GET /CastServer/static/layuiadmin/layui/css/modules/layer/default/layer.css?v=3.1.1 HTTP/1.1" 304 -
110.53.162.165 - - [21/Mar/2019:16:25:40 -0400] "GET /CastServer/static/layuiadmin/layui/lay/modules/element.js HTTP/1.1" 304 -
110.53.162.165 - - [21/Mar/2019:16:25:40 -0400] "GET /CastServer/static/layuiadmin/layui/lay/modules/util.js HTTP/1.1" 304 -
110.53.162.165 - - [21/Mar/2019:16:25:47 -0400] "GET /CastServer/show/index.do?is=true HTTP/1.1" 200 20578
110.53.162.165 - - [21/Mar/2019:16:26:40 -0400] "GET /CastServer/show/listtorrent.do? HTTP/1.1" 200 20014
110.53.162.165 - - [21/Mar/2019:16:26:40 -0400] "GET /CastServer/static/ace/css/bootstrap.css HTTP/1.1" 304 -
110.53.162.165 - - [21/Mar/2019:16:26:40 -0400] "GET /CastServer/static/ace/css/font-awesome.css HTTP/1.1" 304 -
110.53.162.165 - - [21/Mar/2019:16:26:40 -0400] "GET /CastServer/static/ace/css/ace-fonts.css HTTP/1.1" 304 -
110.53.162.165 - - [21/Mar/2019:16:26:40 -0400] "GET /CastServer/static/ace/css/ace.css HTTP/1.1" 304 -
110.53.162.165 - - [21/Mar/2019:16:26:40 -0400] "GET /CastServer/static/layuiadmin/layui/css/layui.css HTTP/1.1" 304 -
110.53.162.165 - - [21/Mar/2019:16:26:40 -0400] "GET /CastServer/static/layuiadmin/style/admin.css HTTP/1.1" 304 -
110.53.162.165 - - [21/Mar/2019:16:26:40 -0400] "GET /CastServer/static/ace/js/ace-extra.js HTTP/1.1" 304 -
110.53.162.165 - - [21/Mar/2019:16:26:40 -0400] "GET /CastServer/static/js/jquery.min.js HTTP/1.1" 304 -
110.53.162.165 - - [21/Mar/2019:16:26:40 -0400] "GET /CastServer/static/ace/js/bootstrap.js HTTP/1.1" 304 -
110.53.162.165 - - [21/Mar/2019:16:26:40 -0400] "GET /CastServer/static/layuiadmin/layui/layui.js?t=1 HTTP/1.1" 304 -
110.53.162.165 - - [21/Mar/2019:16:26:40 -0400] "GET /CastServer/static/layuiadmin/lib/index.js HTTP/1.1" 304 -
110.53.162.165 - - [21/Mar/2019:16:26:40 -0400] "GET /CastServer/static/layuiadmin/layui/lay/modules/form.js HTTP/1.1" 304 -
110.53.162.165 - - [21/Mar/2019:16:26:40 -0400] "GET /CastServer/static/layuiadmin/layui/font/iconfont.woff?v=230 HTTP/1.1" 304 -
110.53.162.165 - - [21/Mar/2019:16:26:40 -0400] "GET /CastServer/static/layuiadmin/config.js HTTP/1.1" 304 -
110.53.162.165 - - [21/Mar/2019:16:26:40 -0400] "GET /CastServer/static/layuiadmin/layui/lay/modules/layer.js HTTP/1.1" 304 -
110.53.162.165 - - [21/Mar/2019:16:26:40 -0400] "GET /CastServer/static/layuiadmin/layui/lay/modules/laytpl.js HTTP/1.1" 304 -
110.53.162.165 - - [21/Mar/2019:16:26:40 -0400] "GET /CastServer/static/layuiadmin/layui/css/modules/layer/default/layer.css?v=3.1.1 HTTP/1.1" 304 -
110.53.162.165 - - [21/Mar/2019:16:26:40 -0400] "GET /CastServer/static/layuiadmin/layui/lay/modules/element.js HTTP/1.1" 304 -
110.53.162.165 - - [21/Mar/2019:16:26:40 -0400] "GET /CastServer/static/layuiadmin/layui/lay/modules/util.js HTTP/1.1" 304 -
110.53.162.165 - - [21/Mar/2019:16:27:40 -0400] "GET /CastServer/show/listtorrent.do? HTTP/1.1" 200 20001
110.53.162.165 - - [21/Mar/2019:16:27:40 -0400] "GET /CastServer/static/ace/css/bootstrap.css HTTP/1.1" 304 -
110.53.162.165 - - [21/Mar/2019:16:27:40 -0400] "GET /CastServer/static/ace/css/font-awesome.css HTTP/1.1" 304 -
110.53.162.165 - - [21/Mar/2019:16:27:40 -0400] "GET /CastServer/static/ace/css/ace-fonts.css HTTP/1.1" 304 -
110.53.162.165 - - [21/Mar/2019:16:27:40 -0400] "GET /CastServer/static/ace/css/ace.css HTTP/1.1" 304 -
110.53.162.165 - - [21/Mar/2019:16:27:40 -0400] "GET /CastServer/static/layuiadmin/layui/css/layui.css HTTP/1.1" 304 -
110.53.162.165 - - [21/Mar/2019:16:27:40 -0400] "GET /CastServer/static/layuiadmin/style/admin.css HTTP/1.1" 304 -
110.53.162.165 - - [21/Mar/2019:16:27:40 -0400] "GET /CastServer/static/ace/js/ace-extra.js HTTP/1.1" 304 -
110.53.162.165 - - [21/Mar/2019:16:27:40 -0400] "GET /CastServer/static/js/jquery.min.js HTTP/1.1" 304 -
110.53.162.165 - - [21/Mar/2019:16:27:40 -0400] "GET /CastServer/static/ace/js/bootstrap.js HTTP/1.1" 304 -
110.53.162.165 - - [21/Mar/2019:16:27:40 -0400] "GET /CastServer/static/layuiadmin/layui/layui.js?t=1 HTTP/1.1" 304 -
110.53.162.165 - - [21/Mar/2019:16:27:40 -0400] "GET /CastServer/static/layuiadmin/lib/index.js HTTP/1.1" 304 -
110.53.162.165 - - [21/Mar/2019:16:27:40 -0400] "GET /CastServer/static/layuiadmin/layui/lay/modules/form.js HTTP/1.1" 304 -
110.53.162.165 - - [21/Mar/2019:16:27:40 -0400] "GET /CastServer/static/layuiadmin/layui/font/iconfont.woff?v=230 HTTP/1.1" 304 -
110.53.162.165 - - [21/Mar/2019:16:27:40 -0400] "GET /CastServer/static/layuiadmin/config.js HTTP/1.1" 304 -
110.53.162.165 - - [21/Mar/2019:16:27:40 -0400] "GET /CastServer/static/layuiadmin/layui/lay/modules/layer.js HTTP/1.1" 304 -
110.53.162.165 - - [21/Mar/2019:16:27:40 -0400] "GET /CastServer/static/layuiadmin/layui/lay/modules/laytpl.js HTTP/1.1" 304 -
110.53.162.165 - - [21/Mar/2019:16:27:40 -0400] "GET /CastServer/static/layuiadmin/layui/css/modules/layer/default/layer.css?v=3.1.1 HTTP/1.1" 304 -
110.53.162.165 - - [21/Mar/2019:16:27:40 -0400] "GET /CastServer/static/layuiadmin/layui/lay/modules/element.js HTTP/1.1" 304 -
110.53.162.165 - - [21/Mar/2019:16:27:40 -0400] "GET /CastServer/static/layuiadmin/layui/lay/modules/util.js HTTP/1.1" 304 -
110.53.162.165 - - [21/Mar/2019:16:28:37 -0400] "GET /CastServer/ HTTP/1.1" 200 20544
110.53.162.165 - - [21/Mar/2019:16:28:37 -0400] "GET /CastServer/static/ace/css/bootstrap.css HTTP/1.1" 304 -
110.53.162.165 - - [21/Mar/2019:16:28:37 -0400] "GET /CastServer/static/ace/css/font-awesome.css HTTP/1.1" 304 -
110.53.162.165 - - [21/Mar/2019:16:28:37 -0400] "GET /CastServer/static/ace/css/ace-fonts.css HTTP/1.1" 304 -
110.53.162.165 - - [21/Mar/2019:16:28:37 -0400] "GET /CastServer/static/ace/css/ace.css HTTP/1.1" 304 -
110.53.162.165 - - [21/Mar/2019:16:28:37 -0400] "GET /CastServer/static/layuiadmin/layui/css/layui.css HTTP/1.1" 304 -
110.53.162.165 - - [21/Mar/2019:16:28:37 -0400] "GET /CastServer/static/layuiadmin/style/admin.css HTTP/1.1" 304 -
110.53.162.165 - - [21/Mar/2019:16:28:37 -0400] "GET /CastServer/static/ace/js/ace-extra.js HTTP/1.1" 304 -
110.53.162.165 - - [21/Mar/2019:16:28:37 -0400] "GET /CastServer/static/js/jquery.min.js HTTP/1.1" 304 -
110.53.162.165 - - [21/Mar/2019:16:28:37 -0400] "GET /CastServer/static/ace/js/bootstrap.js HTTP/1.1" 304 -
110.53.162.165 - - [21/Mar/2019:16:28:37 -0400] "GET /CastServer/static/layuiadmin/layui/layui.js?t=1 HTTP/1.1" 304 -
110.53.162.165 - - [21/Mar/2019:16:28:37 -0400] "GET /CastServer/static/layuiadmin/lib/index.js HTTP/1.1" 304 -
110.53.162.165 - - [21/Mar/2019:16:28:37 -0400] "GET /CastServer/static/layuiadmin/layui/lay/modules/form.js HTTP/1.1" 304 -
110.53.162.165 - - [21/Mar/2019:16:28:37 -0400] "GET /CastServer/static/layuiadmin/layui/font/iconfont.woff?v=230 HTTP/1.1" 304 -
110.53.162.165 - - [21/Mar/2019:16:28:37 -0400] "GET /CastServer/static/layuiadmin/config.js HTTP/1.1" 304 -
110.53.162.165 - - [21/Mar/2019:16:28:37 -0400] "GET /CastServer/static/layuiadmin/layui/lay/modules/layer.js HTTP/1.1" 304 -
110.53.162.165 - - [21/Mar/2019:16:28:37 -0400] "GET /CastServer/static/layuiadmin/layui/lay/modules/laytpl.js HTTP/1.1" 304 -
110.53.162.165 - - [21/Mar/2019:16:28:37 -0400] "GET /CastServer/static/layuiadmin/layui/css/modules/layer/default/layer.css?v=3.1.1 HTTP/1.1" 304 -
110.53.162.165 - - [21/Mar/2019:16:28:37 -0400] "GET /CastServer/static/layuiadmin/layui/lay/modules/element.js HTTP/1.1" 304 -
110.53.162.165 - - [21/Mar/2019:16:28:37 -0400] "GET /CastServer/static/layuiadmin/layui/lay/modules/util.js HTTP/1.1" 304 -
110.53.162.165 - - [21/Mar/2019:16:29:16 -0400] "GET /CastServer/show/index.do?currentPage=1&showCount=10 HTTP/1.1" 200 20534
110.53.162.165 - - [21/Mar/2019:16:30:03 -0400] "GET /CastServer/show/index.do?currentPage=1&showCount=10 HTTP/1.1" 200 20549
110.53.162.165 - - [21/Mar/2019:16:30:14 -0400] "GET /CastServer/show/index.do?currentPage=1&showCount=10 HTTP/1.1" 200 20550
110.53.162.165 - - [21/Mar/2019:16:30:22 -0400] "GET /CastServer/show/index.do?currentPage=1&showCount=10 HTTP/1.1" 200 20560
110.53.162.165 - - [21/Mar/2019:16:30:47 -0400] "GET /CastServer/show/index.do?is=true HTTP/1.1" 200 20578
42.48.108.96 - - [21/Mar/2019:16:32:34 -0400] "GET /Broad/probroad/toAddBroad.do HTTP/1.1" 200 121375
42.48.108.96 - - [21/Mar/2019:16:32:48 -0400] "GET /Broad/probroad/setTime.do?time=08:00:00 HTTP/1.1" 200 6145
42.48.108.96 - - [21/Mar/2019:16:32:57 -0400] "GET /Broad/probroad/setFile.do?from=nomal HTTP/1.1" 200 29064
42.48.108.96 - - [21/Mar/2019:16:33:07 -0400] "POST /Broad/probroad/setFile.do?from=nomal&currentPage=159&showCount=10 HTTP/1.1" 200 29274
42.48.108.96 - - [21/Mar/2019:16:33:10 -0400] "POST /Broad/probroad/setFile.do?from=nomal&currentPage=160&showCount=10 HTTP/1.1" 200 29097
42.48.108.96 - - [21/Mar/2019:16:33:18 -0400] "GET /Broad/probroad/setFile.do?from=nomal HTTP/1.1" 200 29064
42.48.108.96 - - [21/Mar/2019:16:33:35 -0400] "GET /Broad/probroad/setFile.do?from=nomal HTTP/1.1" 200 29064
110.53.162.165 - - [21/Mar/2019:16:33:37 -0400] "GET /CastServer/static/ace/fonts/OpenSans-400.woff HTTP/1.1" 200 21956
110.53.162.165 - - [21/Mar/2019:16:33:37 -0400] "GET /CastServer/ HTTP/1.1" 200 20544
110.53.162.165 - - [21/Mar/2019:16:33:37 -0400] "GET /CastServer/static/ace/css/bootstrap.css HTTP/1.1" 304 -
110.53.162.165 - - [21/Mar/2019:16:33:37 -0400] "GET /CastServer/static/ace/css/font-awesome.css HTTP/1.1" 304 -
110.53.162.165 - - [21/Mar/2019:16:33:37 -0400] "GET /CastServer/static/ace/css/ace-fonts.css HTTP/1.1" 304 -
110.53.162.165 - - [21/Mar/2019:16:33:37 -0400] "GET /CastServer/static/ace/css/ace.css HTTP/1.1" 304 -
110.53.162.165 - - [21/Mar/2019:16:33:37 -0400] "GET /CastServer/static/layuiadmin/layui/css/layui.css HTTP/1.1" 304 -
110.53.162.165 - - [21/Mar/2019:16:33:37 -0400] "GET /CastServer/static/layuiadmin/style/admin.css HTTP/1.1" 304 -
110.53.162.165 - - [21/Mar/2019:16:33:37 -0400] "GET /CastServer/static/ace/js/ace-extra.js HTTP/1.1" 304 -
110.53.162.165 - - [21/Mar/2019:16:33:37 -0400] "GET /CastServer/static/js/jquery.min.js HTTP/1.1" 304 -
110.53.162.165 - - [21/Mar/2019:16:33:37 -0400] "GET /CastServer/static/ace/js/bootstrap.js HTTP/1.1" 304 -
110.53.162.165 - - [21/Mar/2019:16:33:37 -0400] "GET /CastServer/static/layuiadmin/layui/layui.js?t=1 HTTP/1.1" 304 -
110.53.162.165 - - [21/Mar/2019:16:33:37 -0400] "GET /CastServer/static/layuiadmin/lib/index.js HTTP/1.1" 304 -
110.53.162.165 - - [21/Mar/2019:16:33:37 -0400] "GET /CastServer/static/layuiadmin/layui/lay/modules/form.js HTTP/1.1" 304 -
110.53.162.165 - - [21/Mar/2019:16:33:37 -0400] "GET /CastServer/static/layuiadmin/layui/font/iconfont.woff?v=230 HTTP/1.1" 304 -
110.53.162.165 - - [21/Mar/2019:16:33:37 -0400] "GET /CastServer/static/layuiadmin/config.js HTTP/1.1" 304 -
110.53.162.165 - - [21/Mar/2019:16:33:37 -0400] "GET /CastServer/static/layuiadmin/layui/lay/modules/layer.js HTTP/1.1" 304 -
110.53.162.165 - - [21/Mar/2019:16:33:37 -0400] "GET /CastServer/static/layuiadmin/layui/lay/modules/laytpl.js HTTP/1.1" 304 -
110.53.162.165 - - [21/Mar/2019:16:33:37 -0400] "GET /CastServer/static/layuiadmin/layui/css/modules/layer/default/layer.css?v=3.1.1 HTTP/1.1" 304 -
110.53.162.165 - - [21/Mar/2019:16:33:37 -0400] "GET /CastServer/static/layuiadmin/layui/lay/modules/element.js HTTP/1.1" 304 -
110.53.162.165 - - [21/Mar/2019:16:33:37 -0400] "GET /CastServer/static/layuiadmin/layui/lay/modules/util.js HTTP/1.1" 304 -
42.48.108.96 - - [21/Mar/2019:16:33:43 -0400] "POST /Broad/probroad/setFile.do?from=nomal&currentPage=2&showCount=10 HTTP/1.1" 200 29072
42.48.108.96 - - [21/Mar/2019:16:33:46 -0400] "POST /Broad/probroad/setFile.do?from=nomal&currentPage=3&showCount=10 HTTP/1.1" 200 29160
42.48.108.96 - - [21/Mar/2019:16:33:48 -0400] "POST /Broad/probroad/setFile.do?from=nomal&currentPage=4&showCount=10 HTTP/1.1" 200 29086
42.48.108.96 - - [21/Mar/2019:16:34:00 -0400] "GET /Broad/probroad/setFile.do?from=nomal HTTP/1.1" 200 29064
42.48.108.96 - - [21/Mar/2019:16:34:06 -0400] "POST /Broad/probroad/setFile.do?from=nomal HTTP/1.1" 200 23455
42.48.108.96 - - [21/Mar/2019:16:34:14 -0400] "GET /Broad/probroad/setFile.do?from=nomal HTTP/1.1" 200 29064
110.53.162.165 - - [21/Mar/2019:16:34:17 -0400] "GET /CastServer/show/index.do?currentPage=1&showCount=10 HTTP/1.1" 200 20549
42.48.108.96 - - [21/Mar/2019:16:34:20 -0400] "POST /Broad/probroad/setFile.do?from=nomal HTTP/1.1" 200 27241
42.48.108.96 - - [21/Mar/2019:16:34:49 -0400] "GET /Broad/probroad/setTime.do?time=08:51:10 HTTP/1.1" 200 6145
110.53.162.165 - - [21/Mar/2019:16:35:03 -0400] "GET /CastServer/show/index.do?currentPage=1&showCount=10 HTTP/1.1" 200 20551
42.48.108.96 - - [21/Mar/2019:16:35:04 -0400] "GET /Broad/probroad/setFile.do?from=nomal HTTP/1.1" 200 29064
42.48.108.96 - - [21/Mar/2019:16:35:11 -0400] "POST /Broad/probroad/setFile.do?from=nomal&currentPage=190&showCount=10 HTTP/1.1" 200 29166
110.53.162.165 - - [21/Mar/2019:16:35:14 -0400] "GET /CastServer/show/index.do?currentPage=1&showCount=10 HTTP/1.1" 200 20553
42.48.108.96 - - [21/Mar/2019:16:35:20 -0400] "GET /uploadFiles/audiofile/1800188.mp3 HTTP/1.1" 206 1141047
110.53.162.165 - - [21/Mar/2019:16:35:22 -0400] "GET /CastServer/show/index.do?currentPage=1&showCount=10 HTTP/1.1" 200 20559
42.48.108.96 - - [21/Mar/2019:16:35:22 -0400] "GET /uploadFiles/audiofile/1800188.mp3 HTTP/1.1" 206 1105207
42.48.108.96 - - [21/Mar/2019:16:35:28 -0400] "GET /Broad/probroad/setFile.do?from=nomal HTTP/1.1" 200 29064
42.48.108.96 - - [21/Mar/2019:16:35:44 -0400] "GET /Broad/probroad/setFile.do?from=nomal HTTP/1.1" 200 29064
110.53.162.165 - - [21/Mar/2019:16:35:48 -0400] "GET /CastServer/show/index.do?is=true HTTP/1.1" 200 20578
42.48.108.96 - - [21/Mar/2019:16:35:52 -0400] "POST /Broad/probroad/setFile.do?from=nomal HTTP/1.1" 200 28846
42.48.108.96 - - [21/Mar/2019:16:36:01 -0400] "GET /uploadFiles/audiofile/1800698.mp3 HTTP/1.1" 206 5109288
42.48.108.96 - - [21/Mar/2019:16:36:03 -0400] "GET /uploadFiles/audiofile/1800698.mp3 HTTP/1.1" 206 5073448
42.48.108.96 - - [21/Mar/2019:16:36:14 -0400] "GET /Broad/probroad/setFile.do?from=nomal HTTP/1.1" 200 29064
42.48.108.96 - - [21/Mar/2019:16:36:27 -0400] "POST /Broad/probroad/setFile.do?from=nomal HTTP/1.1" 200 27238
42.48.108.96 - - [21/Mar/2019:16:36:57 -0400] "GET /Broad/probroad/setFile.do?from=nomal HTTP/1.1" 200 29064
42.48.108.96 - - [21/Mar/2019:16:37:06 -0400] "GET /Broad/probroad/setTime.do?time=12:22:00 HTTP/1.1" 200 6145
42.48.108.96 - - [21/Mar/2019:16:37:27 -0400] "GET /Broad/probroad/setFile.do?from=nomal HTTP/1.1" 200 29064
42.48.108.96 - - [21/Mar/2019:16:37:32 -0400] "POST /Broad/probroad/setFile.do?from=nomal&currentPage=200&showCount=10 HTTP/1.1" 200 29027
42.48.108.96 - - [21/Mar/2019:16:37:34 -0400] "POST /Broad/probroad/setFile.do?from=nomal&currentPage=201&showCount=10 HTTP/1.1" 200 29174
42.48.108.96 - - [21/Mar/2019:16:37:40 -0400] "GET /uploadFiles/audiofile/1800030.mp3 HTTP/1.1" 206 1051616
42.48.108.96 - - [21/Mar/2019:16:37:42 -0400] "GET /uploadFiles/audiofile/1800030.mp3 HTTP/1.1" 206 983008
42.48.108.96 - - [21/Mar/2019:16:38:19 -0400] "GET /Broad/probroad/setFile.do?from=nomal HTTP/1.1" 200 29064
110.53.162.165 - - [21/Mar/2019:16:38:37 -0400] "GET /CastServer/ HTTP/1.1" 200 20531
110.53.162.165 - - [21/Mar/2019:16:38:37 -0400] "GET /CastServer/static/ace/css/bootstrap.css HTTP/1.1" 304 -
110.53.162.165 - - [21/Mar/2019:16:38:37 -0400] "GET /CastServer/static/ace/css/font-awesome.css HTTP/1.1" 304 -
110.53.162.165 - - [21/Mar/2019:16:38:37 -0400] "GET /CastServer/static/ace/css/ace-fonts.css HTTP/1.1" 304 -
110.53.162.165 - - [21/Mar/2019:16:38:37 -0400] "GET /CastServer/static/ace/css/ace.css HTTP/1.1" 304 -
110.53.162.165 - - [21/Mar/2019:16:38:37 -0400] "GET /CastServer/static/layuiadmin/layui/css/layui.css HTTP/1.1" 304 -
110.53.162.165 - - [21/Mar/2019:16:38:37 -0400] "GET /CastServer/static/layuiadmin/style/admin.css HTTP/1.1" 304 -
110.53.162.165 - - [21/Mar/2019:16:38:37 -0400] "GET /CastServer/static/ace/js/ace-extra.js HTTP/1.1" 304 -
110.53.162.165 - - [21/Mar/2019:16:38:37 -0400] "GET /CastServer/static/js/jquery.min.js HTTP/1.1" 304 -
110.53.162.165 - - [21/Mar/2019:16:38:37 -0400] "GET /CastServer/static/ace/js/bootstrap.js HTTP/1.1" 304 -
110.53.162.165 - - [21/Mar/2019:16:38:37 -0400] "GET /CastServer/static/layuiadmin/layui/layui.js?t=1 HTTP/1.1" 304 -
110.53.162.165 - - [21/Mar/2019:16:38:37 -0400] "GET /CastServer/static/layuiadmin/lib/index.js HTTP/1.1" 304 -
110.53.162.165 - - [21/Mar/2019:16:38:37 -0400] "GET /CastServer/static/layuiadmin/layui/lay/modules/form.js HTTP/1.1" 304 -
110.53.162.165 - - [21/Mar/2019:16:38:37 -0400] "GET /CastServer/static/layuiadmin/layui/font/iconfont.woff?v=230 HTTP/1.1" 304 -
110.53.162.165 - - [21/Mar/2019:16:38:37 -0400] "GET /CastServer/static/layuiadmin/config.js HTTP/1.1" 304 -
110.53.162.165 - - [21/Mar/2019:16:38:37 -0400] "GET /CastServer/static/layuiadmin/layui/lay/modules/layer.js HTTP/1.1" 304 -
110.53.162.165 - - [21/Mar/2019:16:38:37 -0400] "GET /CastServer/static/layuiadmin/layui/lay/modules/laytpl.js HTTP/1.1" 304 -
110.53.162.165 - - [21/Mar/2019:16:38:37 -0400] "GET /CastServer/static/layuiadmin/layui/css/modules/layer/default/layer.css?v=3.1.1 HTTP/1.1" 304 -
110.53.162.165 - - [21/Mar/2019:16:38:37 -0400] "GET /CastServer/static/layuiadmin/layui/lay/modules/element.js HTTP/1.1" 304 -
110.53.162.165 - - [21/Mar/2019:16:38:37 -0400] "GET /CastServer/static/layuiadmin/layui/lay/modules/util.js HTTP/1.1" 304 -
42.48.108.96 - - [21/Mar/2019:16:39:04 -0400] "GET /Broad/probroad/setFile.do?from=nomal HTTP/1.1" 200 29064
42.48.108.96 - - [21/Mar/2019:16:39:13 -0400] "POST /Broad/probroad/setFile.do?from=nomal HTTP/1.1" 200 28846
110.53.162.165 - - [21/Mar/2019:16:39:17 -0400] "GET /CastServer/show/index.do?currentPage=1&showCount=10 HTTP/1.1" 200 20538
42.48.108.96 - - [21/Mar/2019:16:39:29 -0400] "GET /Broad/probroad/setFile.do?from=nomal HTTP/1.1" 200 29064
42.48.108.96 - - [21/Mar/2019:16:39:37 -0400] "POST /Broad/probroad/setFile.do?from=nomal HTTP/1.1" 200 28700
42.48.108.96 - - [21/Mar/2019:16:39:53 -0400] "GET /uploadFiles/audiofile/1800698.mp3 HTTP/1.1" 206 5109288
42.48.108.96 - - [21/Mar/2019:16:39:56 -0400] "GET /uploadFiles/audiofile/1800698.mp3 HTTP/1.1" 206 5073448
110.53.162.165 - - [21/Mar/2019:16:40:03 -0400] "GET /CastServer/show/index.do?currentPage=1&showCount=10 HTTP/1.1" 200 20553
42.48.108.96 - - [21/Mar/2019:16:40:05 -0400] "GET /Broad/probroad/setFile.do?from=nomal HTTP/1.1" 200 29064
42.48.108.96 - - [21/Mar/2019:16:40:10 -0400] "POST /Broad/probroad/setFile.do?from=nomal HTTP/1.1" 200 27238
110.53.162.165 - - [21/Mar/2019:16:40:14 -0400] "GET /CastServer/show/index.do?currentPage=1&showCount=10 HTTP/1.1" 200 20553
110.53.162.165 - - [21/Mar/2019:16:40:22 -0400] "GET /CastServer/show/index.do?currentPage=1&showCount=10 HTTP/1.1" 200 20569
42.48.108.96 - - [21/Mar/2019:16:40:25 -0400] "POST /Broad/probroad/addProBroad.do HTTP/1.1" 200 31
42.48.108.96 - - [21/Mar/2019:16:40:25 -0400] "GET /Broad/probroad/listProBroad.do HTTP/1.1" 200 27545
42.48.108.96 - - [21/Mar/2019:16:40:35 -0400] "GET /Broad/probroad/toAddBroad.do HTTP/1.1" 200 121375
42.48.108.96 - - [21/Mar/2019:16:40:44 -0400] "GET /Broad/probroad/setTime.do?time=08:00:00 HTTP/1.1" 200 6145
110.53.162.165 - - [21/Mar/2019:16:40:48 -0400] "GET /CastServer/show/index.do?is=true HTTP/1.1" 200 20557
42.48.108.96 - - [21/Mar/2019:16:40:50 -0400] "GET /Broad/probroad/setFile.do?from=nomal HTTP/1.1" 200 29064
42.48.108.96 - - [21/Mar/2019:16:41:02 -0400] "POST /Broad/probroad/setFile.do?from=nomal&currentPage=138&showCount=10 HTTP/1.1" 200 28884
42.48.108.96 - - [21/Mar/2019:16:41:04 -0400] "POST /Broad/probroad/setFile.do?from=nomal&currentPage=139&showCount=10 HTTP/1.1" 200 29329
42.48.108.96 - - [21/Mar/2019:16:41:08 -0400] "POST /Broad/probroad/setFile.do?from=nomal&currentPage=140&showCount=10 HTTP/1.1" 200 29248
42.48.108.96 - - [21/Mar/2019:16:41:14 -0400] "POST /Broad/probroad/setFile.do?from=nomal&currentPage=141&showCount=10 HTTP/1.1" 200 29098
42.48.108.96 - - [21/Mar/2019:16:41:16 -0400] "POST /Broad/probroad/setFile.do?from=nomal&currentPage=142&showCount=10 HTTP/1.1" 200 29133
42.48.108.96 - - [21/Mar/2019:16:41:18 -0400] "POST /Broad/probroad/setFile.do?from=nomal&currentPage=143&showCount=10 HTTP/1.1" 200 29105
42.48.108.96 - - [21/Mar/2019:16:41:20 -0400] "POST /Broad/probroad/setFile.do?from=nomal&currentPage=144&showCount=10 HTTP/1.1" 200 29215
42.48.108.96 - - [21/Mar/2019:16:41:22 -0400] "POST /Broad/probroad/setFile.do?from=nomal&currentPage=145&showCount=10 HTTP/1.1" 200 29132
42.48.108.96 - - [21/Mar/2019:16:41:24 -0400] "POST /Broad/probroad/setFile.do?from=nomal&currentPage=146&showCount=10 HTTP/1.1" 200 29280
42.48.108.96 - - [21/Mar/2019:16:41:26 -0400] "POST /Broad/probroad/setFile.do?from=nomal&currentPage=147&showCount=10 HTTP/1.1" 200 29233
42.48.108.96 - - [21/Mar/2019:16:41:28 -0400] "POST /Broad/probroad/setFile.do?from=nomal&currentPage=148&showCount=10 HTTP/1.1" 200 29253
42.48.108.96 - - [21/Mar/2019:16:41:32 -0400] "POST /Broad/probroad/setFile.do?from=nomal&currentPage=149&showCount=10 HTTP/1.1" 200 28996
42.48.108.96 - - [21/Mar/2019:16:41:33 -0400] "POST /Broad/probroad/setFile.do?from=nomal&currentPage=150&showCount=10 HTTP/1.1" 200 29152
42.48.108.96 - - [21/Mar/2019:16:41:38 -0400] "POST /Broad/probroad/setFile.do?from=nomal&currentPage=151&showCount=10 HTTP/1.1" 200 29431
42.48.108.96 - - [21/Mar/2019:16:41:41 -0400] "POST /Broad/probroad/setFile.do?from=nomal&currentPage=152&showCount=10 HTTP/1.1" 200 29030
42.48.108.96 - - [21/Mar/2019:16:41:43 -0400] "POST /Broad/probroad/setFile.do?from=nomal&currentPage=153&showCount=10 HTTP/1.1" 200 29199
113.247.140.215 - - [21/Mar/2019:16:41:44 -0400] "GET /Broad/main/index HTTP/1.1" 200 27886
42.48.108.96 - - [21/Mar/2019:16:41:45 -0400] "POST /Broad/probroad/setFile.do?from=nomal&currentPage=154&showCount=10 HTTP/1.1" 200 29051
42.48.108.96 - - [21/Mar/2019:16:41:47 -0400] "POST /Broad/probroad/setFile.do?from=nomal&currentPage=155&showCount=10 HTTP/1.1" 200 29169
113.247.140.215 - - [21/Mar/2019:16:41:48 -0400] "GET /Broad/tab.do HTTP/1.1" 200 1748
113.247.140.215 - - [21/Mar/2019:16:41:49 -0400] "POST /Broad/head/getList.do?tm=1553157807361 HTTP/1.1" 200 67
113.247.140.215 - - [21/Mar/2019:16:41:49 -0400] "GET /Broad/login_default.do HTTP/1.1" 200 6879
113.247.140.215 - - [21/Mar/2019:16:41:50 -0400] "GET /Broad/plugins/tab/css/btn_r.png HTTP/1.1" 404 4093
113.247.140.215 - - [21/Mar/2019:16:41:50 -0400] "GET /Broad/plugins/tab/css/btn_l.png HTTP/1.1" 404 4093
113.247.140.215 - - [21/Mar/2019:16:41:57 -0400] "GET /Broad/probroad/listProBroad.do HTTP/1.1" 200 27575
42.48.108.96 - - [21/Mar/2019:16:41:58 -0400] "GET /Broad/probroad/setFile.do?from=nomal HTTP/1.1" 200 29064
42.48.108.96 - - [21/Mar/2019:16:42:07 -0400] "GET /Broad/probroad/setFile.do?from=nomal HTTP/1.1" 200 29064
42.48.108.96 - - [21/Mar/2019:16:42:15 -0400] "POST /Broad/probroad/setFile.do?from=nomal HTTP/1.1" 200 23455
42.48.108.96 - - [21/Mar/2019:16:42:34 -0400] "GET /Broad/probroad/setFile.do?from=nomal HTTP/1.1" 200 29064
110.53.162.164 - - [21/Mar/2019:16:42:41 -0400] "POST /Broad/cas HTTP/1.1" 302 -
110.53.162.164 - - [21/Mar/2019:16:42:41 -0400] "POST /Broad/cas HTTP/1.1" 302 -
110.53.162.164 - - [21/Mar/2019:16:42:41 -0400] "POST /Broad/cas HTTP/1.1" 302 -
110.53.162.164 - - [21/Mar/2019:16:42:41 -0400] "POST /Broad/cas HTTP/1.1" 302 -
42.48.108.96 - - [21/Mar/2019:16:42:46 -0400] "POST /Broad/probroad/setFile.do?from=nomal HTTP/1.1" 200 29123
42.48.108.96 - - [21/Mar/2019:16:43:25 -0400] "GET /Broad/probroad/setFile.do?from=nomal HTTP/1.1" 200 29064
42.48.108.96 - - [21/Mar/2019:16:43:31 -0400] "POST /Broad/probroad/setFile.do?from=nomal HTTP/1.1" 200 27238
110.53.162.165 - - [21/Mar/2019:16:43:37 -0400] "GET /CastServer/ HTTP/1.1" 200 20544
110.53.162.165 - - [21/Mar/2019:16:43:37 -0400] "GET /CastServer/static/ace/css/bootstrap.css HTTP/1.1" 304 -
110.53.162.165 - - [21/Mar/2019:16:43:37 -0400] "GET /CastServer/static/ace/css/font-awesome.css HTTP/1.1" 304 -
110.53.162.165 - - [21/Mar/2019:16:43:37 -0400] "GET /CastServer/static/ace/css/ace-fonts.css HTTP/1.1" 304 -
110.53.162.165 - - [21/Mar/2019:16:43:37 -0400] "GET /CastServer/static/ace/css/ace.css HTTP/1.1" 304 -
110.53.162.165 - - [21/Mar/2019:16:43:37 -0400] "GET /CastServer/static/layuiadmin/layui/css/layui.css HTTP/1.1" 304 -
110.53.162.165 - - [21/Mar/2019:16:43:37 -0400] "GET /CastServer/static/layuiadmin/style/admin.css HTTP/1.1" 304 -
110.53.162.165 - - [21/Mar/2019:16:43:37 -0400] "GET /CastServer/static/ace/js/ace-extra.js HTTP/1.1" 304 -
110.53.162.165 - - [21/Mar/2019:16:43:37 -0400] "GET /CastServer/static/js/jquery.min.js HTTP/1.1" 304 -
110.53.162.165 - - [21/Mar/2019:16:43:37 -0400] "GET /CastServer/static/ace/js/bootstrap.js HTTP/1.1" 304 -
110.53.162.165 - - [21/Mar/2019:16:43:37 -0400] "GET /CastServer/static/layuiadmin/layui/layui.js?t=1 HTTP/1.1" 304 -
110.53.162.165 - - [21/Mar/2019:16:43:38 -0400] "GET /CastServer/static/layuiadmin/lib/index.js HTTP/1.1" 304 -
110.53.162.165 - - [21/Mar/2019:16:43:38 -0400] "GET /CastServer/static/layuiadmin/layui/lay/modules/form.js HTTP/1.1" 304 -
110.53.162.165 - - [21/Mar/2019:16:43:38 -0400] "GET /CastServer/static/layuiadmin/layui/font/iconfont.woff?v=230 HTTP/1.1" 304 -
110.53.162.165 - - [21/Mar/2019:16:43:38 -0400] "GET /CastServer/static/layuiadmin/config.js HTTP/1.1" 304 -
110.53.162.165 - - [21/Mar/2019:16:43:38 -0400] "GET /CastServer/static/layuiadmin/layui/lay/modules/layer.js HTTP/1.1" 304 -
110.53.162.165 - - [21/Mar/2019:16:43:38 -0400] "GET /CastServer/static/layuiadmin/layui/lay/modules/laytpl.js HTTP/1.1" 304 -
110.53.162.165 - - [21/Mar/2019:16:43:38 -0400] "GET /CastServer/static/layuiadmin/layui/css/modules/layer/default/layer.css?v=3.1.1 HTTP/1.1" 304 -
110.53.162.165 - - [21/Mar/2019:16:43:38 -0400] "GET /CastServer/static/layuiadmin/layui/lay/modules/element.js HTTP/1.1" 304 -
110.53.162.165 - - [21/Mar/2019:16:43:38 -0400] "GET /CastServer/static/layuiadmin/layui/lay/modules/util.js HTTP/1.1" 304 -
42.48.108.96 - - [21/Mar/2019:16:43:40 -0400] "GET /Broad/probroad/setFile.do?from=nomal HTTP/1.1" 200 29064
113.247.140.215 - - [21/Mar/2019:16:43:41 -0400] "GET /Broad/per/listPer.do HTTP/1.1" 200 31779
42.48.108.96 - - [21/Mar/2019:16:43:46 -0400] "GET /Broad/probroad/setTime.do?time=08:49:46 HTTP/1.1" 200 6145
113.247.140.215 - - [21/Mar/2019:16:43:47 -0400] "GET /Broad/per/toAddPer.do HTTP/1.1" 200 8957
42.48.108.96 - - [21/Mar/2019:16:44:02 -0400] "GET /Broad/probroad/setFile.do?from=nomal HTTP/1.1" 200 29064
42.48.108.96 - - [21/Mar/2019:16:44:07 -0400] "POST /Broad/probroad/setFile.do?from=nomal&currentPage=120&showCount=10 HTTP/1.1" 200 29251
113.247.140.215 - - [21/Mar/2019:16:44:11 -0400] "POST /Broad/per/addPer.do HTTP/1.1" 302 -
113.247.140.215 - - [21/Mar/2019:16:44:11 -0400] "GET /Broad/per/listPer.do?msg=success HTTP/1.1" 200 31797
42.48.108.96 - - [21/Mar/2019:16:44:11 -0400] "POST /Broad/probroad/setFile.do?from=nomal&currentPage=121&showCount=10 HTTP/1.1" 200 29122
42.48.108.96 - - [21/Mar/2019:16:44:13 -0400] "POST /Broad/probroad/setFile.do?from=nomal&currentPage=122&showCount=10 HTTP/1.1" 200 29122
42.48.108.96 - - [21/Mar/2019:16:44:15 -0400] "POST /Broad/probroad/setFile.do?from=nomal&currentPage=123&showCount=10 HTTP/1.1" 200 29295
110.53.162.165 - - [21/Mar/2019:16:44:17 -0400] "GET /CastServer/show/index.do?currentPage=1&showCount=10 HTTP/1.1" 200 20548
42.48.108.96 - - [21/Mar/2019:16:44:18 -0400] "POST /Broad/probroad/setFile.do?from=nomal&currentPage=124&showCount=10 HTTP/1.1" 200 29352
42.48.108.96 - - [21/Mar/2019:16:44:20 -0400] "POST /Broad/probroad/setFile.do?from=nomal&currentPage=125&showCount=10 HTTP/1.1" 200 29122
42.48.108.96 - - [21/Mar/2019:16:44:21 -0400] "POST /Broad/probroad/setFile.do?from=nomal&currentPage=126&showCount=10 HTTP/1.1" 200 29157
113.247.140.215 - - [21/Mar/2019:16:44:27 -0400] "GET /Broad/probroad/listProBroad.do HTTP/1.1" 200 27575
42.48.108.96 - - [21/Mar/2019:16:44:30 -0400] "GET /Broad/probroad/setFile.do?from=nomal HTTP/1.1" 200 29064
113.247.140.215 - - [21/Mar/2019:16:44:30 -0400] "GET /Broad/probroad/toAddBroad.do HTTP/1.1" 200 42896
113.247.140.215 - - [21/Mar/2019:16:44:33 -0400] "GET /Broad/probroad/setTime.do?time=08:00:00 HTTP/1.1" 200 6145
183.214.193.32 - - [21/Mar/2019:16:44:53 -0400] "GET /caslogin/login?service=http://110.53.162.164/Broad/cas HTTP/1.1" 200 8222
183.214.193.32 - - [21/Mar/2019:16:44:53 -0400] "GET /caslogin/login?service=http://110.53.162.164/Broad/cas HTTP/1.1" 200 8222
113.247.140.215 - - [21/Mar/2019:16:44:59 -0400] "GET /Broad/probroad/setFile.do?from=nomal HTTP/1.1" 200 29124
110.53.162.165 - - [21/Mar/2019:16:45:03 -0400] "GET /CastServer/show/index.do?currentPage=1&showCount=10 HTTP/1.1" 200 20553
113.247.140.215 - - [21/Mar/2019:16:45:04 -0400] "POST /Broad/probroad/setFile.do?from=nomal HTTP/1.1" 200 29396
113.247.140.215 - - [21/Mar/2019:16:45:06 -0400] "POST /Broad/probroad/setFile.do?from=nomal&currentPage=3&showCount=10 HTTP/1.1" 200 29542
183.214.193.32 - - [21/Mar/2019:16:45:07 -0400] "GET /caslogin/captcha.htm?t=1553157915925 HTTP/1.1" 200 1810
183.214.193.32 - - [21/Mar/2019:16:45:07 -0400] "GET /caslogin/captcha.htm?t=1553157915916 HTTP/1.1" 200 1732
183.214.193.32 - - [21/Mar/2019:16:45:07 -0400] "GET /caslogin/css/login/images/banner_slide_01.jpg?1553157916045 HTTP/1.1" 200 744111
183.214.193.32 - - [21/Mar/2019:16:45:07 -0400] "GET /caslogin/css/login/images/banner_slide_01.jpg?1553157916053 HTTP/1.1" 200 744111
183.214.193.32 - - [21/Mar/2019:16:45:08 -0400] "GET /caslogin/css/login/images/banner_slide_02.jpg?1553157916872 HTTP/1.1" 200 485627
183.214.193.32 - - [21/Mar/2019:16:45:08 -0400] "GET /caslogin/css/login/images/banner_slide_02.jpg?1553157917439 HTTP/1.1" 200 485627
183.214.193.32 - - [21/Mar/2019:16:45:09 -0400] "GET /caslogin/favicon.ico;jsessionid=5FB0F8580656A6DA077B5C18FD08F31A HTTP/1.1" 200 1150
183.214.193.32 - - [21/Mar/2019:16:45:09 -0400] "GET /caslogin/favicon.ico;jsessionid=F2E889A1162A7C856F9EE74C9D9050AE HTTP/1.1" 200 1150
113.247.140.215 - - [21/Mar/2019:16:45:13 -0400] "GET /Broad/probroad/setFile.do?from=nomal HTTP/1.1" 200 29124
110.53.162.165 - - [21/Mar/2019:16:45:15 -0400] "GET /CastServer/show/index.do?currentPage=1&showCount=10 HTTP/1.1" 200 20553
113.247.140.215 - - [21/Mar/2019:16:45:16 -0400] "POST /Broad/probroad/setFile.do?from=nomal&currentPage=2&showCount=10 HTTP/1.1" 200 29070
183.214.193.32 - - [21/Mar/2019:16:45:19 -0400] "GET /caslogin/css/login/images/banner_slide_03.jpg?1553157928342 HTTP/1.1" 200 461644
110.53.162.165 - - [21/Mar/2019:16:45:22 -0400] "GET /CastServer/show/index.do?currentPage=1&showCount=10 HTTP/1.1" 200 20562
42.48.108.96 - - [21/Mar/2019:16:45:26 -0400] "GET /Broad/probroad/setFile.do?from=nomal HTTP/1.1" 200 29064
42.48.108.96 - - [21/Mar/2019:16:45:32 -0400] "POST /Broad/probroad/setFile.do?from=nomal HTTP/1.1" 200 29123
183.214.193.32 - - [21/Mar/2019:16:45:43 -0400] "GET /caslogin/css/login/images/banner_slide_03.jpg?1553157952138 HTTP/1.1" 200 461644
110.53.162.165 - - [21/Mar/2019:16:45:48 -0400] "GET /CastServer/show/index.do?is=true HTTP/1.1" 200 20570
113.247.140.215 - - [21/Mar/2019:16:45:55 -0400] "GET /Broad/probroad/setFile.do?from=nomal HTTP/1.1" 200 29124
42.48.108.96 - - [21/Mar/2019:16:46:03 -0400] "GET /Broad/probroad/setFile.do?from=nomal HTTP/1.1" 200 29064
113.247.140.215 - - [21/Mar/2019:16:46:04 -0400] "GET /Broad/probroad/setFile.do?from=nomal HTTP/1.1" 200 29124
113.247.140.215 - - [21/Mar/2019:16:46:13 -0400] "GET /Broad/probroad/setFile.do?from=nomal HTTP/1.1" 200 29124
42.48.108.96 - - [21/Mar/2019:16:46:20 -0400] "POST /Broad/probroad/setFile.do?from=nomal HTTP/1.1" 200 17866
183.214.193.32 - - [21/Mar/2019:16:46:31 -0400] "POST /caslogin/login?service=http://110.53.162.164/Broad/cas&locale=zh_CN HTTP/1.1" 200 8301
183.214.193.32 - - [21/Mar/2019:16:46:31 -0400] "GET /caslogin/captcha.htm?t=1553158000651 HTTP/1.1" 200 1716
183.214.193.32 - - [21/Mar/2019:16:46:31 -0400] "GET /caslogin/css/login/images/banner_slide_01.jpg?1553158000672 HTTP/1.1" 200 744111
183.214.193.32 - - [21/Mar/2019:16:46:32 -0400] "GET /caslogin/css/login/images/banner_slide_02.jpg?1553158001258 HTTP/1.1" 200 485627
42.48.108.96 - - [21/Mar/2019:16:46:34 -0400] "POST /Broad/probroad/setFile.do?from=nomal HTTP/1.1" 200 16440
113.247.140.215 - - [21/Mar/2019:16:46:38 -0400] "POST /Broad/probroad/setFile.do?from=nomal HTTP/1.1" 200 16396
42.48.108.96 - - [21/Mar/2019:16:46:39 -0400] "GET /Broad/probroad/setFile.do?from=nomal HTTP/1.1" 200 29064
183.214.193.32 - - [21/Mar/2019:16:46:39 -0400] "POST /caslogin/login?service=http://110.53.162.164/Broad/cas&locale=zh_CN HTTP/1.1" 302 -
110.53.162.164 - - [21/Mar/2019:16:46:39 -0400] "GET /caslogin/serviceValidate?ticket=ST-34-ULU5e30wzmKnFcLG6GON-cas01.example.org&service=http%3A%2F%2F110.53.162.164%2FBroad%2Fcas HTTP/1.1" 200 181
183.214.193.32 - - [21/Mar/2019:16:46:39 -0400] "GET /Broad/cas?ticket=ST-34-ULU5e30wzmKnFcLG6GON-cas01.example.org HTTP/1.1" 302 -
183.214.193.32 - - [21/Mar/2019:16:46:40 -0400] "GET /Broad/main/index;jsessionid=88A83B2A0446F665A83C840F95B8B124 HTTP/1.1" 200 30970
183.214.193.32 - - [21/Mar/2019:16:46:40 -0400] "GET /Broad/tab.do HTTP/1.1" 200 1748
183.214.193.32 - - [21/Mar/2019:16:46:41 -0400] "POST /Broad/head/getList.do?tm=1553158009950 HTTP/1.1" 200 67
183.214.193.32 - - [21/Mar/2019:16:46:41 -0400] "GET /Broad/login_default.do HTTP/1.1" 200 6879
183.214.193.32 - - [21/Mar/2019:16:46:41 -0400] "GET /Broad/plugins/tab/css/btn_l.png HTTP/1.1" 404 4093
183.214.193.32 - - [21/Mar/2019:16:46:41 -0400] "GET /Broad/plugins/tab/css/btn_r.png HTTP/1.1" 404 4093
183.214.193.32 - - [21/Mar/2019:16:46:45 -0400] "GET /Broad/probroad/listProBroad.do HTTP/1.1" 200 27548
42.48.108.96 - - [21/Mar/2019:16:46:46 -0400] "POST /Broad/probroad/setFile.do?from=nomal HTTP/1.1" 200 27241
42.48.108.96 - - [21/Mar/2019:16:46:59 -0400] "GET /Broad/probroad/setTime.do?time=12:20:03 HTTP/1.1" 200 6145
113.247.140.215 - - [21/Mar/2019:16:47:09 -0400] "GET /Broad/probroad/setFile.do?from=nomal HTTP/1.1" 200 29124
42.48.108.96 - - [21/Mar/2019:16:47:14 -0400] "GET /Broad/probroad/setFile.do?from=nomal HTTP/1.1" 200 29064
113.247.140.215 - - [21/Mar/2019:16:47:18 -0400] "POST /Broad/probroad/setFile.do?from=nomal HTTP/1.1" 200 29396
183.214.193.32 - - [21/Mar/2019:16:47:19 -0400] "GET /Broad/logout HTTP/1.1" 302 -
183.214.193.32 - - [21/Mar/2019:16:47:20 -0400] "GET /caslogin/logout?service=http://110.53.162.164/Broad/cas HTTP/1.1" 302 -
110.53.162.164 - - [21/Mar/2019:16:47:20 -0400] "POST /Broad/cas HTTP/1.1" 302 -
183.214.193.32 - - [21/Mar/2019:16:47:20 -0400] "GET /Broad/cas HTTP/1.1" 302 -
183.214.193.32 - - [21/Mar/2019:16:47:20 -0400] "GET /Broad/main/index HTTP/1.1" 302 -
183.214.193.32 - - [21/Mar/2019:16:47:20 -0400] "GET /caslogin/login?service=http://110.53.162.164/Broad/cas HTTP/1.1" 200 8160
183.214.193.32 - - [21/Mar/2019:16:47:20 -0400] "GET /Broad/logout HTTP/1.1" 302 -
183.214.193.32 - - [21/Mar/2019:16:47:20 -0400] "GET /caslogin/logout?service=http://110.53.162.164/Broad/cas HTTP/1.1" 302 -
183.214.193.32 - - [21/Mar/2019:16:47:20 -0400] "GET /Broad/cas HTTP/1.1" 302 -
183.214.193.32 - - [21/Mar/2019:16:47:20 -0400] "GET /Broad/main/index HTTP/1.1" 302 -
183.214.193.32 - - [21/Mar/2019:16:47:21 -0400] "GET /Broad/logout HTTP/1.1" 302 -
183.214.193.32 - - [21/Mar/2019:16:47:21 -0400] "GET /caslogin/logout?service=http://110.53.162.164/Broad/cas HTTP/1.1" 302 -
183.214.193.32 - - [21/Mar/2019:16:47:21 -0400] "GET /Broad/cas HTTP/1.1" 302 -
42.48.108.96 - - [21/Mar/2019:16:47:21 -0400] "POST /Broad/probroad/setFile.do?from=nomal&currentPage=90&showCount=10 HTTP/1.1" 200 29229
183.214.193.32 - - [21/Mar/2019:16:47:21 -0400] "GET /Broad/main/index HTTP/1.1" 302 -
183.214.193.32 - - [21/Mar/2019:16:47:21 -0400] "GET /caslogin/login?service=http://110.53.162.164/Broad/cas HTTP/1.1" 200 8160
183.214.193.32 - - [21/Mar/2019:16:47:21 -0400] "GET /caslogin/captcha.htm?t=1553158050623 HTTP/1.1" 200 1801
183.214.193.32 - - [21/Mar/2019:16:47:21 -0400] "GET /caslogin/css/login/images/banner_slide_01.jpg?1553158050674 HTTP/1.1" 200 744111
183.214.193.32 - - [21/Mar/2019:16:47:22 -0400] "GET /caslogin/css/login/images/banner_slide_02.jpg?1553158051216 HTTP/1.1" 200 485627
113.247.140.215 - - [21/Mar/2019:16:47:23 -0400] "POST /Broad/probroad/setFile.do?from=nomal&currentPage=3&showCount=10 HTTP/1.1" 200 29542
42.48.108.96 - - [21/Mar/2019:16:47:24 -0400] "POST /Broad/probroad/setFile.do?from=nomal&currentPage=91&showCount=10 HTTP/1.1" 200 29111
42.48.108.96 - - [21/Mar/2019:16:47:26 -0400] "POST /Broad/probroad/setFile.do?from=nomal&currentPage=92&showCount=10 HTTP/1.1" 200 29235
42.48.108.96 - - [21/Mar/2019:16:47:36 -0400] "GET /Broad/probroad/setFile.do?from=nomal HTTP/1.1" 200 29064
42.48.108.96 - - [21/Mar/2019:16:48:24 -0400] "GET /Broad/probroad/setFile.do?from=nomal HTTP/1.1" 200 29064
42.48.108.96 - - [21/Mar/2019:16:48:35 -0400] "POST /Broad/probroad/setFile.do?from=nomal HTTP/1.1" 200 27273
110.53.162.165 - - [21/Mar/2019:16:48:38 -0400] "GET /CastServer/ HTTP/1.1" 200 20544
110.53.162.165 - - [21/Mar/2019:16:48:38 -0400] "GET /CastServer/static/ace/css/bootstrap.css HTTP/1.1" 304 -
110.53.162.165 - - [21/Mar/2019:16:48:38 -0400] "GET /CastServer/static/ace/css/font-awesome.css HTTP/1.1" 304 -
110.53.162.165 - - [21/Mar/2019:16:48:38 -0400] "GET /CastServer/static/ace/css/ace-fonts.css HTTP/1.1" 304 -
110.53.162.165 - - [21/Mar/2019:16:48:38 -0400] "GET /CastServer/static/ace/css/ace.css HTTP/1.1" 304 -
110.53.162.165 - - [21/Mar/2019:16:48:38 -0400] "GET /CastServer/static/layuiadmin/layui/css/layui.css HTTP/1.1" 304 -
110.53.162.165 - - [21/Mar/2019:16:48:38 -0400] "GET /CastServer/static/layuiadmin/style/admin.css HTTP/1.1" 304 -
110.53.162.165 - - [21/Mar/2019:16:48:38 -0400] "GET /CastServer/static/ace/js/ace-extra.js HTTP/1.1" 304 -
110.53.162.165 - - [21/Mar/2019:16:48:38 -0400] "GET /CastServer/static/js/jquery.min.js HTTP/1.1" 304 -
110.53.162.165 - - [21/Mar/2019:16:48:38 -0400] "GET /CastServer/static/ace/js/bootstrap.js HTTP/1.1" 304 -
110.53.162.165 - - [21/Mar/2019:16:48:38 -0400] "GET /CastServer/static/layuiadmin/layui/layui.js?t=1 HTTP/1.1" 304 -
110.53.162.165 - - [21/Mar/2019:16:48:38 -0400] "GET /CastServer/static/layuiadmin/lib/index.js HTTP/1.1" 304 -
110.53.162.165 - - [21/Mar/2019:16:48:38 -0400] "GET /CastServer/static/layuiadmin/layui/lay/modules/form.js HTTP/1.1" 304 -
110.53.162.165 - - [21/Mar/2019:16:48:38 -0400] "GET /CastServer/static/layuiadmin/layui/font/iconfont.woff?v=230 HTTP/1.1" 304 -
110.53.162.165 - - [21/Mar/2019:16:48:38 -0400] "GET /CastServer/static/layuiadmin/config.js HTTP/1.1" 304 -
110.53.162.165 - - [21/Mar/2019:16:48:38 -0400] "GET /CastServer/static/layuiadmin/layui/lay/modules/layer.js HTTP/1.1" 304 -
110.53.162.165 - - [21/Mar/2019:16:48:38 -0400] "GET /CastServer/static/layuiadmin/layui/lay/modules/laytpl.js HTTP/1.1" 304 -
110.53.162.165 - - [21/Mar/2019:16:48:38 -0400] "GET /CastServer/static/layuiadmin/layui/css/modules/layer/default/layer.css?v=3.1.1 HTTP/1.1" 304 -
110.53.162.165 - - [21/Mar/2019:16:48:38 -0400] "GET /CastServer/static/layuiadmin/layui/lay/modules/element.js HTTP/1.1" 304 -
110.53.162.165 - - [21/Mar/2019:16:48:38 -0400] "GET /CastServer/static/layuiadmin/layui/lay/modules/util.js HTTP/1.1" 304 -
42.48.108.96 - - [21/Mar/2019:16:48:40 -0400] "GET /uploadFiles/audiofile/1900056.mp3 HTTP/1.1" 206 2050421
113.247.140.215 - - [21/Mar/2019:16:48:49 -0400] "GET /Broad/probroad/setFM.do HTTP/1.1" 200 7369
42.48.108.96 - - [21/Mar/2019:16:49:02 -0400] "GET /Broad/probroad/setFile.do?from=nomal HTTP/1.1" 200 29064
113.247.140.215 - - [21/Mar/2019:16:49:04 -0400] "GET /Broad/probroad/setFile.do?from=nomal HTTP/1.1" 200 29124
42.48.108.96 - - [21/Mar/2019:16:49:11 -0400] "POST /Broad/probroad/setFile.do?from=nomal HTTP/1.1" 200 28731
42.48.108.96 - - [21/Mar/2019:16:49:15 -0400] "GET /uploadFiles/audiofile/1900057.mp3 HTTP/1.1" 206 2193781
110.53.162.165 - - [21/Mar/2019:16:49:17 -0400] "GET /CastServer/show/index.do?currentPage=1&showCount=10 HTTP/1.1" 200 20542
42.48.108.96 - - [21/Mar/2019:16:49:18 -0400] "GET /uploadFiles/audiofile/1900057.mp3 HTTP/1.1" 206 2156917
113.247.140.215 - - [21/Mar/2019:16:49:19 -0400] "GET /Broad/probroad/setTime.do?time=09:01:11 HTTP/1.1" 200 6145
113.247.140.215 - - [21/Mar/2019:16:49:28 -0400] "GET /Broad/probroad/setFile.do?from=nomal HTTP/1.1" 200 29124
113.247.140.215 - - [21/Mar/2019:16:49:31 -0400] "POST /Broad/probroad/setFile.do?from=nomal HTTP/1.1" 200 29396
113.247.140.215 - - [21/Mar/2019:16:49:33 -0400] "POST /Broad/probroad/setFile.do?from=nomal&currentPage=3&showCount=10 HTTP/1.1" 200 29542
113.247.140.215 - - [21/Mar/2019:16:49:38 -0400] "GET /Broad/probroad/setFile.do?from=nomal HTTP/1.1" 200 29124
113.247.140.215 - - [21/Mar/2019:16:49:41 -0400] "POST /Broad/probroad/setFile.do?from=nomal&currentPage=2&showCount=10 HTTP/1.1" 200 29070
42.48.108.96 - - [21/Mar/2019:16:49:45 -0400] "GET /Broad/probroad/setFile.do?from=nomal HTTP/1.1" 200 29064
113.247.140.215 - - [21/Mar/2019:16:49:48 -0400] "GET /Broad/probroad/setFile.do?from=nomal HTTP/1.1" 200 29124
42.48.108.96 - - [21/Mar/2019:16:49:51 -0400] "POST /Broad/probroad/setFile.do?from=nomal HTTP/1.1" 200 23232
110.53.162.165 - - [21/Mar/2019:16:50:03 -0400] "GET /CastServer/show/index.do?currentPage=1&showCount=10 HTTP/1.1" 200 20556
113.247.140.215 - - [21/Mar/2019:16:50:04 -0400] "GET /Broad/probroad/setFile.do?from=nomal HTTP/1.1" 200 29124
42.48.108.96 - - [21/Mar/2019:16:50:04 -0400] "GET /uploadFiles/audiofile/1801794.mp3 HTTP/1.1" 206 1300271
42.48.108.96 - - [21/Mar/2019:16:50:06 -0400] "GET /uploadFiles/audiofile/1801794.mp3 HTTP/1.1" 206 1254191
113.247.140.215 - - [21/Mar/2019:16:50:08 -0400] "GET /Broad/probroad/setFile.do?from=nomal HTTP/1.1" 200 29124
113.247.140.215 - - [21/Mar/2019:16:50:13 -0400] "POST /Broad/probroad/setFile.do?from=nomal HTTP/1.1" 200 29396
110.53.162.165 - - [21/Mar/2019:16:50:15 -0400] "GET /CastServer/show/index.do?currentPage=1&showCount=10 HTTP/1.1" 200 20556
42.48.108.96 - - [21/Mar/2019:16:50:16 -0400] "GET /Broad/probroad/setFile.do?from=nomal HTTP/1.1" 200 29064
113.247.140.215 - - [21/Mar/2019:16:50:20 -0400] "POST /Broad/probroad/setFile.do?from=nomal HTTP/1.1" 200 29396
42.48.108.96 - - [21/Mar/2019:16:50:22 -0400] "POST /Broad/probroad/setFile.do?from=nomal HTTP/1.1" 200 27241
110.53.162.165 - - [21/Mar/2019:16:50:22 -0400] "GET /CastServer/show/index.do?currentPage=1&showCount=10 HTTP/1.1" 200 20565
113.247.140.215 - - [21/Mar/2019:16:50:23 -0400] "POST /Broad/probroad/setFile.do?from=nomal&currentPage=5&showCount=10 HTTP/1.1" 200 29358
113.247.140.215 - - [21/Mar/2019:16:50:27 -0400] "GET /Broad/probroad/setFile.do?from=nomal HTTP/1.1" 200 29124
113.247.140.215 - - [21/Mar/2019:16:50:30 -0400] "POST /Broad/probroad/setFile.do?from=nomal HTTP/1.1" 200 29396
113.247.140.215 - - [21/Mar/2019:16:50:33 -0400] "POST /Broad/probroad/setFile.do?from=nomal&currentPage=5&showCount=10 HTTP/1.1" 200 29358
110.53.162.165 - - [21/Mar/2019:16:50:48 -0400] "GET /CastServer/show/index.do?is=true HTTP/1.1" 200 20570
42.48.108.96 - - [21/Mar/2019:16:50:51 -0400] "POST /Broad/probroad/addProBroad.do HTTP/1.1" 200 31
42.48.108.96 - - [21/Mar/2019:16:50:51 -0400] "GET /Broad/probroad/listProBroad.do HTTP/1.1" 200 27545
113.247.140.215 - - [21/Mar/2019:16:51:26 -0400] "GET /Broad/probroad/setFM.do HTTP/1.1" 200 7369
113.247.140.215 - - [21/Mar/2019:16:51:37 -0400] "GET /Broad/probroad/setFile.do?from=nomal HTTP/1.1" 200 29124
113.247.140.215 - - [21/Mar/2019:16:51:49 -0400] "POST /Broad/probroad/addProBroad.do HTTP/1.1" 200 31
113.247.140.215 - - [21/Mar/2019:16:51:49 -0400] "GET /Broad/probroad/listProBroad.do HTTP/1.1" 200 27575
113.247.140.215 - - [21/Mar/2019:16:51:52 -0400] "POST /Broad/probroad/showTerminal.do HTTP/1.1" 200 10467
113.247.140.215 - - [21/Mar/2019:16:51:52 -0400] "GET /Broad/probroad/showBroad.do?sfid=10651&broadtype=nomal HTTP/1.1" 200 18198
110.53.162.165 - - [21/Mar/2019:16:53:38 -0400] "GET /CastServer/ HTTP/1.1" 200 20555
110.53.162.165 - - [21/Mar/2019:16:53:38 -0400] "GET /CastServer/static/ace/css/bootstrap.css HTTP/1.1" 304 -
110.53.162.165 - - [21/Mar/2019:16:53:38 -0400] "GET /CastServer/static/ace/css/font-awesome.css HTTP/1.1" 304 -
110.53.162.165 - - [21/Mar/2019:16:53:38 -0400] "GET /CastServer/static/ace/css/ace-fonts.css HTTP/1.1" 304 -
110.53.162.165 - - [21/Mar/2019:16:53:38 -0400] "GET /CastServer/static/ace/css/ace.css HTTP/1.1" 304 -
110.53.162.165 - - [21/Mar/2019:16:53:38 -0400] "GET /CastServer/static/layuiadmin/layui/css/layui.css HTTP/1.1" 304 -
110.53.162.165 - - [21/Mar/2019:16:53:38 -0400] "GET /CastServer/static/layuiadmin/style/admin.css HTTP/1.1" 304 -
110.53.162.165 - - [21/Mar/2019:16:53:38 -0400] "GET /CastServer/static/ace/js/ace-extra.js HTTP/1.1" 304 -
110.53.162.165 - - [21/Mar/2019:16:53:38 -0400] "GET /CastServer/static/js/jquery.min.js HTTP/1.1" 304 -
110.53.162.165 - - [21/Mar/2019:16:53:38 -0400] "GET /CastServer/static/ace/js/bootstrap.js HTTP/1.1" 304 -
110.53.162.165 - - [21/Mar/2019:16:53:38 -0400] "GET /CastServer/static/layuiadmin/layui/layui.js?t=1 HTTP/1.1" 304 -
110.53.162.165 - - [21/Mar/2019:16:53:38 -0400] "GET /CastServer/static/layuiadmin/lib/index.js HTTP/1.1" 304 -
110.53.162.165 - - [21/Mar/2019:16:53:38 -0400] "GET /CastServer/static/layuiadmin/layui/lay/modules/form.js HTTP/1.1" 304 -
110.53.162.165 - - [21/Mar/2019:16:53:38 -0400] "GET /CastServer/static/layuiadmin/layui/font/iconfont.woff?v=230 HTTP/1.1" 304 -
110.53.162.165 - - [21/Mar/2019:16:53:38 -0400] "GET /CastServer/static/layuiadmin/config.js HTTP/1.1" 304 -
110.53.162.165 - - [21/Mar/2019:16:53:38 -0400] "GET /CastServer/static/layuiadmin/layui/lay/modules/layer.js HTTP/1.1" 304 -
110.53.162.165 - - [21/Mar/2019:16:53:38 -0400] "GET /CastServer/static/layuiadmin/layui/lay/modules/laytpl.js HTTP/1.1" 304 -
110.53.162.165 - - [21/Mar/2019:16:53:38 -0400] "GET /CastServer/static/layuiadmin/layui/css/modules/layer/default/layer.css?v=3.1.1 HTTP/1.1" 304 -
110.53.162.165 - - [21/Mar/2019:16:53:38 -0400] "GET /CastServer/static/layuiadmin/layui/lay/modules/element.js HTTP/1.1" 304 -
110.53.162.165 - - [21/Mar/2019:16:53:38 -0400] "GET /CastServer/static/layuiadmin/layui/lay/modules/util.js HTTP/1.1" 304 -
110.53.162.165 - - [21/Mar/2019:16:54:17 -0400] "GET /CastServer/show/index.do?currentPage=1&showCount=10 HTTP/1.1" 200 20549
113.247.140.215 - - [21/Mar/2019:16:54:21 -0400] "GET /Broad/probroad/toaddNullBroad.do HTTP/1.1" 200 29635
110.53.162.165 - - [21/Mar/2019:16:55:04 -0400] "GET /CastServer/show/index.do?currentPage=1&showCount=10 HTTP/1.1" 200 20552
110.53.162.165 - - [21/Mar/2019:16:55:15 -0400] "GET /CastServer/show/index.do?currentPage=1&showCount=10 HTTP/1.1" 200 20550
110.53.162.165 - - [21/Mar/2019:16:55:23 -0400] "GET /CastServer/show/index.do?currentPage=1&showCount=10 HTTP/1.1" 200 20550
110.53.162.165 - - [21/Mar/2019:16:55:48 -0400] "GET /CastServer/show/index.do?is=true HTTP/1.1" 200 20579
110.53.162.165 - - [21/Mar/2019:16:58:38 -0400] "GET /CastServer/ HTTP/1.1" 200 20543
110.53.162.165 - - [21/Mar/2019:16:58:38 -0400] "GET /CastServer/static/ace/css/bootstrap.css HTTP/1.1" 304 -
110.53.162.165 - - [21/Mar/2019:16:58:38 -0400] "GET /CastServer/static/ace/css/font-awesome.css HTTP/1.1" 304 -
110.53.162.165 - - [21/Mar/2019:16:58:38 -0400] "GET /CastServer/static/ace/css/ace-fonts.css HTTP/1.1" 304 -
110.53.162.165 - - [21/Mar/2019:16:58:38 -0400] "GET /CastServer/static/ace/css/ace.css HTTP/1.1" 304 -
110.53.162.165 - - [21/Mar/2019:16:58:38 -0400] "GET /CastServer/static/layuiadmin/layui/css/layui.css HTTP/1.1" 304 -
